// Jest Snapshot v1, https://goo.gl/fbAQLP

exports[`<Tabs /> matches snapshot 1`] = `
<div>
  <div>
    <ul
      class="tabs"
    >
      <li
        class=""
      >
        <a
          href="#"
        >
          Tab 1
        </a>
      </li>
      <li
        class=""
      >
        <a
          href="#"
        >
          Tab 2
        </a>
      </li>
      <li
        class="current"
      >
        <a
          href="#"
        >
          Tab 3
        </a>
      </li>
    </ul>
    <div
      class="content"
      data-testid="content"
    >
      <div
        label="Tab 3"
      >
        Hello
      </div>
    </div>
  </div>
</div>
`;
